[INFO] Scanning for projects...
[INFO] 
[INFO] --------------------< com.ems:employee-management >---------------------
[INFO] Building employee-management 0.0.1-SNAPSHOT
[INFO]   from pom.xml
[INFO] --------------------------------[ jar ]---------------------------------
[INFO] 
[INFO] --- resources:3.3.1:resources (default-resources) @ employee-management ---
[INFO] Copying 1 resource from src\main\resources to target\classes
[INFO] Copying 6 resources from src\main\resources to target\classes
[INFO] 
[INFO] --- compiler:3.13.0:compile (default-compile) @ employee-management ---
[INFO] Nothing to compile - all classes are up to date.
[INFO] 
[INFO] --- resources:3.3.1:testResources (default-testResources) @ employee-management ---
[INFO] skip non existing resourceDirectory A:\My project\employee-management-system\src\test\resources
[INFO] 
[INFO] --- compiler:3.13.0:testCompile (default-testCompile) @ employee-management ---
[INFO] Nothing to compile - all classes are up to date.
[INFO] 
[INFO] --- surefire:3.2.5:test (default-test) @ employee-management ---
[INFO] Using auto detected provider org.apache.maven.surefire.junitplatform.JUnitPlatformProvider
[INFO] 
[INFO] -------------------------------------------------------
[INFO]  T E S T S
[INFO] -------------------------------------------------------
[INFO] Running com.ems.EmployeeManagementApplicationTests
05:56:28.123 [main] INFO org.springframework.test.context.support.AnnotationConfigContextLoaderUtils -- Could not detect default configuration classes for test class [com.ems.EmployeeManagementApplicationTests]: EmployeeManagementApplicationTests does not declare any static, non-private, non-final, nested classes annotated with @Configuration.
05:56:28.288 [main] INFO org.springframework.boot.test.context.SpringBootTestContextBootstrapper -- Found @SpringBootConfiguration com.ems.EmployeeManagementApplication for test class com.ems.EmployeeManagementApplicationTests

  .   ____          _            __ _ _
 /\\ / ___'_ __ _ _(_)_ __  __ _ \ \ \ \
( ( )\___ | '_ | '_| | '_ \/ _` | \ \ \ \
 \\/  ___)| |_)| | | | | || (_| |  ) ) ) )
  '  |____| .__|_| |_|_| |_\__, | / / / /
 =========|_|==============|___/=/_/_/_/

 :: Spring Boot ::                (v3.3.4)

2026-05-24T05:56:28.775+05:30  INFO 24012 --- [employee-management] [           main] c.e.EmployeeManagementApplicationTests   : Starting EmployeeManagementApplicationTests using Java 26.0.1 with PID 24012 (started by aruna in A:\My project\employee-management-system)
2026-05-24T05:56:28.777+05:30  INFO 24012 --- [employee-management] [           main] c.e.EmployeeManagementApplicationTests   : No active profile set, falling back to 1 default profile: "default"
2026-05-24T05:56:29.755+05:30  INFO 24012 --- [employee-management] [           main] .s.d.r.c.RepositoryConfigurationDelegate : Bootstrapping Spring Data JPA repositories in DEFAULT mode.
2026-05-24T05:56:29.880+05:30  INFO 24012 --- [employee-management] [           main] .s.d.r.c.RepositoryConfigurationDelegate : Finished Spring Data repository scanning in 115 ms. Found 13 JPA repository interfaces.
2026-05-24T05:56:30.588+05:30  INFO 24012 --- [employee-management] [           main] o.hibernate.jpa.internal.util.LogHelper  : HHH000204: Processing PersistenceUnitInfo [name: default]
2026-05-24T05:56:30.669+05:30  INFO 24012 --- [employee-management] [           main] org.hibernate.Version                    : HHH000412: Hibernate ORM core version 6.5.3.Final
2026-05-24T05:56:30.713+05:30  INFO 24012 --- [employee-management] [           main] o.h.c.internal.RegionFactoryInitiator    : HHH000026: Second-level cache disabled
2026-05-24T05:56:31.218+05:30  INFO 24012 --- [employee-management] [           main] o.s.o.j.p.SpringPersistenceUnitInfo      : No LoadTimeWeaver setup: ignoring JPA class transformer
2026-05-24T05:56:31.258+05:30  INFO 24012 --- [employee-management] [           main] com.zaxxer.hikari.HikariDataSource       : HikariPool-1 - Starting...
2026-05-24T05:56:31.485+05:30  INFO 24012 --- [employee-management] [           main] com.zaxxer.hikari.pool.HikariPool        : HikariPool-1 - Added connection conn0: url=jdbc:h2:mem:ems_db user=SA
2026-05-24T05:56:31.487+05:30  INFO 24012 --- [employee-management] [           main] com.zaxxer.hikari.HikariDataSource       : HikariPool-1 - Start completed.
2026-05-24T05:56:31.516+05:30  WARN 24012 --- [employee-management] [           main] org.hibernate.orm.deprecation            : HHH90000025: H2Dialect does not need to be specified explicitly using 'hibernate.dialect' (remove the property setting and it will be selected by default)
2026-05-24T05:56:32.880+05:30  INFO 24012 --- [employee-management] [           main] o.h.e.t.j.p.i.JtaPlatformInitiator       : HHH000489: No JTA platform available (set 'hibernate.transaction.jta.platform' to enable JTA platform integration)
Hibernate: create table attendance (id bigint generated by default as identity, check_in timestamp(6), check_out timestamp(6), date date not null, notes varchar(255), status varchar(255) not null, employee_id bigint not null, primary key (id))
Hibernate: create table audit_logs (id bigint generated by default as identity, action varchar(255) not null, details varchar(2000), timestamp timestamp(6) not null, username varchar(255) not null, primary key (id))
Hibernate: create table departments (id bigint generated by default as identity, description varchar(255), name varchar(255) not null, manager_id bigint, primary key (id))
Hibernate: create table employees (id bigint generated by default as identity, allowance_rate float(53), deduction_rate float(53), email varchar(255) not null, first_name varchar(255) not null, hire_date date, job_title varchar(255), last_name varchar(255) not null, phone varchar(255), photo_path varchar(255), salary float(53), status varchar(255) not null, department_id bigint, manager_id bigint, shift_id bigint, primary key (id))
Hibernate: create table expense_claims (id bigint generated by default as identity, amount float(53) not null, category varchar(255) not null, claim_date date not null, comments varchar(255), status varchar(255) not null, title varchar(255) not null, approved_by bigint, employee_id bigint not null, primary key (id))
Hibernate: create table leave_balances (id bigint generated by default as identity, balance float(53) not null, leave_type varchar(255) not null, employee_id bigint not null, primary key (id))
Hibernate: create table leave_policies (id bigint generated by default as identity, annual_allocation float(53) not null, leave_type varchar(255) not null, monthly_accrual_rate float(53) not null, primary key (id))
Hibernate: create table leaves (id bigint generated by default as identity, comments varchar(255), end_date date not null, leave_type varchar(255) not null, reason varchar(255), start_date date not null, status varchar(255) not null, approved_by bigint, employee_id bigint not null, primary key (id))
Hibernate: create table payroll (id bigint generated by default as identity, allowances float(53), basic_salary float(53) not null, deductions float(53), net_salary float(53) not null, pay_period varchar(255) not null, processed_date date, status varchar(255) not null, employee_id bigint not null, primary key (id))
Hibernate: create table performance_reviews (id bigint generated by default as identity, comments varchar(255), kpi_goals varchar(255), promotion_recommendation boolean, rating integer not null, review_date date not null, employee_id bigint not null, reviewer_id bigint not null, primary key (id))
Hibernate: create table profile_change_requests (id bigint generated by default as identity, comments varchar(255), processed_at timestamp(6), requested_fields_json varchar(1000) not null, status varchar(255) not null, submitted_at timestamp(6) not null, employee_id bigint not null, processed_by bigint, primary key (id))
Hibernate: create table shifts (id bigint generated by default as identity, end_time time(6) not null, grace_period_minutes integer not null, name varchar(255) not null, start_time time(6) not null, primary key (id))
Hibernate: create table users (id bigint generated by default as identity, password varchar(255) not null, role varchar(255) not null, username varchar(255) not null, employee_id bigint, primary key (id))
Hibernate: alter table if exists attendance drop constraint if exists UK1pmfeo7o0nrp1m7r33von8gt6
Hibernate: alter table if exists attendance add constraint UK1pmfeo7o0nrp1m7r33von8gt6 unique (employee_id, date)
Hibernate: alter table if exists departments drop constraint if exists UKj6cwks7xecs5jov19ro8ge3qk
Hibernate: alter table if exists departments add constraint UKj6cwks7xecs5jov19ro8ge3qk unique (name)
Hibernate: alter table if exists employees drop constraint if exists UKj9xgmd0ya5jmus09o0b8pqrpb
Hibernate: alter table if exists employees add constraint UKj9xgmd0ya5jmus09o0b8pqrpb unique (email)
Hibernate: alter table if exists leave_balances drop constraint if exists UK4jmt53nwh5uynam0m563gw1f0
Hibernate: alter table if exists leave_balances add constraint UK4jmt53nwh5uynam0m563gw1f0 unique (employee_id, leave_type)
Hibernate: alter table if exists leave_policies drop constraint if exists UK18lnjidlpo9ry3nsmygbrp0h9
Hibernate: alter table if exists leave_policies add constraint UK18lnjidlpo9ry3nsmygbrp0h9 unique (leave_type)
Hibernate: alter table if exists payroll drop constraint if exists UKmd3wn85k531pa0ec1cab8jlhx
Hibernate: alter table if exists payroll add constraint UKmd3wn85k531pa0ec1cab8jlhx unique (employee_id, pay_period)
Hibernate: alter table if exists shifts drop constraint if exists UKgfu9ryi8c4s0xx7cteo4d562a
Hibernate: alter table if exists shifts add constraint UKgfu9ryi8c4s0xx7cteo4d562a unique (name)
Hibernate: alter table if exists users drop constraint if exists UKr43af9ap4edm43mmtq01oddj6
Hibernate: alter table if exists users add constraint UKr43af9ap4edm43mmtq01oddj6 unique (username)
Hibernate: alter table if exists users drop constraint if exists UKd1s31g1a7ilra77m65xmka3ei
Hibernate: alter table if exists users add constraint UKd1s31g1a7ilra77m65xmka3ei unique (employee_id)
Hibernate: alter table if exists attendance add constraint FKb48lmkou5j4rvde9sr88bqgjw foreign key (employee_id) references employees
Hibernate: alter table if exists departments add constraint FK56q3esufky8u69xbmo4n63c4r foreign key (manager_id) references employees
Hibernate: alter table if exists employees add constraint FKgy4qe3dnqrm3ktd76sxp7n4c2 foreign key (department_id) references departments
Hibernate: alter table if exists employees add constraint FKi4365uo9af35g7jtbc2rteukt foreign key (manager_id) references employees
Hibernate: alter table if exists employees add constraint FKerjbet32797doputgk79dc4ga foreign key (shift_id) references shifts
Hibernate: alter table if exists expense_claims add constraint FK4v78c2goen6vueruo5tvdgvn1 foreign key (approved_by) references employees
Hibernate: alter table if exists expense_claims add constraint FKgxbaysh3098yxh3i7ti3kerk7 foreign key (employee_id) references employees
Hibernate: alter table if exists leave_balances add constraint FKmvepkwsegu6bt3ps5rfh1dx92 foreign key (employee_id) references employees
Hibernate: alter table if exists leaves add constraint FKint5fpow1feeia02qf338mge9 foreign key (approved_by) references employees
Hibernate: alter table if exists leaves add constraint FK6kwhuq11saeyki0nc54elfap2 foreign key (employee_id) references employees
Hibernate: alter table if exists payroll add constraint FKo65c0oqf6hr6eka6xtty7ccc foreign key (employee_id) references employees
Hibernate: alter table if exists performance_reviews add constraint FK75f19q3rvitsw5bl5o3k0lirt foreign key (employee_id) references employees
Hibernate: alter table if exists performance_reviews add constraint FK57bxpu5rccy6vvcqolbnbqal0 foreign key (reviewer_id) references employees
Hibernate: alter table if exists profile_change_requests add constraint FKthb3f55tr5xhbiv1n5sbn0ybk foreign key (employee_id) references employees
Hibernate: alter table if exists profile_change_requests add constraint FK9ixnlnuuqf38edtce040ar0jk foreign key (processed_by) references employees
Hibernate: alter table if exists users add constraint FK6p2ib82uai0pj9yk1iassppgq foreign key (employee_id) references employees
2026-05-24T05:56:33.027+05:30  INFO 24012 --- [employee-management] [           main] j.LocalContainerEntityManagerFactoryBean : Initialized JPA EntityManagerFactory for persistence unit 'default'
2026-05-24T05:56:33.531+05:30  INFO 24012 --- [employee-management] [           main] o.s.d.j.r.query.QueryEnhancerFactory     : Hibernate is in classpath; If applicable, HQL parser will be used.
2026-05-24T05:56:34.495+05:30  INFO 24012 --- [employee-management] [           main] eAuthenticationProviderManagerConfigurer : Global AuthenticationManager configured with AuthenticationProvider bean with name authenticationProvider
2026-05-24T05:56:34.497+05:30  WARN 24012 --- [employee-management] [           main] r$InitializeUserDetailsManagerConfigurer : Global AuthenticationManager configured with an AuthenticationProvider bean. UserDetailsService beans will not be used for username/password login. Consider removing the AuthenticationProvider bean. Alternatively, consider using the UserDetailsService in a manually instantiated DaoAuthenticationProvider.
2026-05-24T05:56:34.889+05:30  WARN 24012 --- [employee-management] [           main] JpaBaseConfiguration$JpaWebConfiguration : spring.jpa.open-in-view is enabled by default. Therefore, database queries may be performed during view rendering. Explicitly configure spring.jpa.open-in-view to disable this warning
2026-05-24T05:56:34.982+05:30  INFO 24012 --- [employee-management] [           main] o.s.b.a.w.s.WelcomePageHandlerMapping    : Adding welcome page: class path resource [static/index.html]
.\mvnw.cmd : WARNING: A restricted method in java.lang.System has been called
At line:1 char:1
+ .\mvnw.cmd test *> .\test.log
+ ~~~~~~~~~~~~~~~~~~~~~~~~~~~~~
    + CategoryInfo          : NotSpecified: (WARNING: A rest...has been called 
   :String) [], RemoteException
    + FullyQualifiedErrorId : NativeCommandError
 
WARNING: java.lang.System::load has been called by 
org.apache.tomcat.jni.Library in an unnamed module (file:/C:/Users/aruna/.m2/re
pository/org/apache/tomcat/embed/tomcat-embed-core/10.1.30/tomcat-embed-core-10
.1.30.jar)
WARNING: Use --enable-native-access=ALL-UNNAMED to avoid a warning for callers 
in this module
WARNING: Restricted methods will be blocked in a future release unless native 
access is enabled

2026-05-24T05:56:35.575+05:30  INFO 24012 --- [employee-management] [           main] o.s.b.a.h2.H2ConsoleAutoConfiguration    : H2 console available at '/h2-console'. Database available at 'jdbc:h2:mem:ems_db'
2026-05-24T05:56:35.667+05:30  INFO 24012 --- [employee-management] [           main] c.e.EmployeeManagementApplicationTests   : Started EmployeeManagementApplicationTests in 7.196 seconds (process running for 8.446)
Hibernate: select count(*) from leave_policies lp1_0
Seeding default leave policies...
Hibernate: insert into leave_policies (annual_allocation,leave_type,monthly_accrual_rate,id) values (?,?,?,default)
Hibernate: insert into leave_policies (annual_allocation,leave_type,monthly_accrual_rate,id) values (?,?,?,default)
Hibernate: insert into leave_policies (annual_allocation,leave_type,monthly_accrual_rate,id) values (?,?,?,default)
Hibernate: select count(*) from shifts s1_0
Seeding default shifts...
Hibernate: insert into shifts (end_time,grace_period_minutes,name,start_time,id) values (?,?,?,?,default)
Hibernate: insert into shifts (end_time,grace_period_minutes,name,start_time,id) values (?,?,?,?,default)
Hibernate: select e1_0.id,e1_0.allowance_rate,e1_0.deduction_rate,e1_0.department_id,e1_0.email,e1_0.first_name,e1_0.hire_date,e1_0.job_title,e1_0.last_name,e1_0.manager_id,e1_0.phone,e1_0.photo_path,e1_0.salary,e1_0.shift_id,e1_0.status from employees e1_0
Hibernate: select count(*) from users u1_0
========================================
  Seeding initial data...
========================================
Hibernate: insert into departments (description,manager_id,name,id) values (?,?,?,default)
Hibernate: insert into departments (description,manager_id,name,id) values (?,?,?,default)
Hibernate: insert into departments (description,manager_id,name,id) values (?,?,?,default)
Hibernate: insert into departments (description,manager_id,name,id) values (?,?,?,default)
Hibernate: insert into departments (description,manager_id,name,id) values (?,?,?,default)
Hibernate: insert into employees (allowance_rate,deduction_rate,department_id,email,first_name,hire_date,job_title,last_name,manager_id,phone,photo_path,salary,shift_id,status,id) values (?,?,?,?,?,?,?,?,?,?,?,?,?,?,default)
Hibernate: insert into employees (allowance_rate,deduction_rate,department_id,email,first_name,hire_date,job_title,last_name,manager_id,phone,photo_path,salary,shift_id,status,id) values (?,?,?,?,?,?,?,?,?,?,?,?,?,?,default)
Hibernate: insert into employees (allowance_rate,deduction_rate,department_id,email,first_name,hire_date,job_title,last_name,manager_id,phone,photo_path,salary,shift_id,status,id) values (?,?,?,?,?,?,?,?,?,?,?,?,?,?,default)
Hibernate: insert into employees (allowance_rate,deduction_rate,department_id,email,first_name,hire_date,job_title,last_name,manager_id,phone,photo_path,salary,shift_id,status,id) values (?,?,?,?,?,?,?,?,?,?,?,?,?,?,default)
Hibernate: insert into employees (allowance_rate,deduction_rate,department_id,email,first_name,hire_date,job_title,last_name,manager_id,phone,photo_path,salary,shift_id,status,id) values (?,?,?,?,?,?,?,?,?,?,?,?,?,?,default)
Hibernate: insert into employees (allowance_rate,deduction_rate,department_id,email,first_name,hire_date,job_title,last_name,manager_id,phone,photo_path,salary,shift_id,status,id) values (?,?,?,?,?,?,?,?,?,?,?,?,?,?,default)
Hibernate: insert into employees (allowance_rate,deduction_rate,department_id,email,first_name,hire_date,job_title,last_name,manager_id,phone,photo_path,salary,shift_id,status,id) values (?,?,?,?,?,?,?,?,?,?,?,?,?,?,default)
Hibernate: insert into employees (allowance_rate,deduction_rate,department_id,email,first_name,hire_date,job_title,last_name,manager_id,phone,photo_path,salary,shift_id,status,id) values (?,?,?,?,?,?,?,?,?,?,?,?,?,?,default)
Hibernate: select d1_0.id,d1_0.description,d1_0.manager_id,d1_0.name from departments d1_0 where d1_0.id=?
Hibernate: update departments set description=?,manager_id=?,name=? where id=?
Hibernate: select d1_0.id,d1_0.description,d1_0.manager_id,d1_0.name from departments d1_0 where d1_0.id=?
Hibernate: update departments set description=?,manager_id=?,name=? where id=?
Hibernate: insert into users (employee_id,password,role,username,id) values (?,?,?,?,default)
Hibernate: insert into users (employee_id,password,role,username,id) values (?,?,?,?,default)
Hibernate: insert into users (employee_id,password,role,username,id) values (?,?,?,?,default)
========================================
  Data seeding complete!
  Login credentials:
  HR Admin:  admin / admin123
  Manager:   manager / manager123
  Employee:  employee / employee123
========================================
Java HotSpot(TM) 64-Bit Server VM warning: Sharing is only supported for boot 
loader classes because bootstrap classpath has been appended
WARNING: A Java agent has been loaded dynamically (C:\Users\aruna\.m2\repositor
y\net\bytebuddy\byte-buddy-agent\1.14.19\byte-buddy-agent-1.14.19.jar)
WARNING: If a serviceability tool is in use, please run with 
-XX:+EnableDynamicAgentLoading to hide this warning
WARNING: If a serviceability tool is not in use, please run with 
-Djdk.instrument.traceUsage for more information
WARNING: Dynamic loading of agents will be disallowed by default in a future 
release
[INFO] Tests run: 1, Failures: 0, Errors: 0, Skipped: 0, Time elapsed: 8.726 s -- in com.ems.EmployeeManagementApplicationTests
[INFO] 
[INFO] Results:
[INFO] 
[INFO] Tests run: 1, Failures: 0, Errors: 0, Skipped: 0
[INFO] 
[INFO] ------------------------------------------------------------------------
[INFO] BUILD SUCCESS
[INFO] ------------------------------------------------------------------------
[INFO] Total time:  12.092 s
[INFO] Finished at: 2026-05-24T05:56:36+05:30
[INFO] ------------------------------------------------------------------------
